<testsuites name="results">
  <testsuite name="all" package="all">
    <property name="random_seed" value="1727921120" />
    <testcase name="test_vc_cpu" classname="test" file="/home/paul/tt09/vc16/test/test.py" lineno="25" time="11.767538785934448" sim_time_ns="638780000.001" ratio_time="54283228.77206265" />
  </testsuite>
</testsuites>
